echo "# +++ regress install-check in  +++" && /usr/lib/postgresql/16/lib/pgxs/src/makefiles/../../src/test/regress/pg_regress --inputdir=./ --bindir='/usr/lib/postgresql/16/bin'    --inputdir=test --outputdir=test --dbname=pg_zvec_regress --dbname=contrib_regression 01_extension 02_server 03_table_options 04_ddl 05_scan 06_modify 07_pk_types
# +++ regress install-check in  +++
# using postmaster on /tmp/pg_zvec_socket, port 5499
ok 1         - 01_extension                               12 ms
ok 2         - 02_server                                  12 ms
ok 3         - 03_table_options                           10 ms
ok 4         - 04_ddl                                   7045 ms
ok 5         - 05_scan                                  3004 ms
ok 6         - 06_modify                                4029 ms
ok 7         - 07_pk_types                             28212 ms
1..7
# All 7 tests passed.
